<testsuite errors="0" failures="0" name="Django Project Tests" skips="0" tests="6" time="0.740"><testcase classname="blog.tests.CommentsTest" name="test_comment_create_success" time="0.147049" /><testcase classname="blog.tests.CommentsTest" name="test_comment_delete_success" time="0.160803" /><testcase classname="blog.tests.PostTest" name="test_post_create_success" time="0.004794" /><testcase classname="blog.tests.PostTest" name="test_post_delete_success" time="0.015259" /><testcase classname="blog.tests.PostTest" name="test_post_edit_success" time="0.008119" /><testcase classname="blog.tests.UserTest" name="test_user_create_success" time="0.325995" /></testsuite>